11:08:28 | INFO    | src.gee_init | Study area: OSM polygon: Wayanad district, Kerala, India (2143 km2)
*** Earth Engine *** Share your feedback by taking our Annual Developer Satisfaction Survey: https://google.qualtrics.com/jfe/form/SV_9oS0DRcPvElRMNw?source=python
11:08:31 | INFO    | src.gee_init | Earth Engine initialised (project=rainfall-tank-analysis)
11:08:31 | INFO    | src.gee_init | Study area: OSM polygon: Wayanad district, Kerala, India (2143 km2)
11:08:38 | INFO    | src.routing | OSM network loaded from cache: 187194 nodes, 379258 edges
11:08:48 | INFO    | src.exposure |   roads uploaded to EE: 17535 polylines, 52171 vertices, classes ['motorway', 'trunk', 'primary', 'secondary', 'tertiary', 'unclassified', 'residential'] (simplify 25 m)
11:08:48 | INFO    | src.hazard_flood | Flood layer: Sentinel-1 VV, 3 flood windows
11:08:49 | WARNING | src.hazard_flood | Otsu threshold -9.30 dB outside guard range [-22.0, -12.0]; clamped to -12.00
11:08:49 | INFO    | src.hazard_flood |   window 2018-08-14..2018-08-26: 3 scenes, Otsu threshold = -12.00 dB
11:08:50 | INFO    | src.hazard_flood |   window 2019-08-08..2019-08-20: 1 scenes, Otsu threshold = -12.30 dB
11:08:53 | WARNING | src.hazard_flood | Otsu threshold -7.90 dB outside guard range [-22.0, -12.0]; clamped to -12.00
11:08:53 | INFO    | src.hazard_flood |   window 2024-07-28..2024-08-09: 2 scenes, Otsu threshold = -12.00 dB
11:08:57 | INFO    | src.hazard_flood | Flood layer computed (3/3 windows used)
11:08:57 | INFO    | src.hazard_landslide | Landslide layer: slope + elevation + NDVI + max JJAS rainfall (FR-style)
11:08:58 | INFO    | src.hazard_landslide |   NDVI composite from 90 Sentinel-2 scenes (2023-11-01..2024-04-30)
11:10:02 | INFO    | src.hazard_landslide | Landslide layer computed (factor weights: {'slope': 0.4, 'rainfall': 0.25, 'ndvi': 0.2, 'elevation': 0.15})
11:10:02 | INFO    | src.hazard_fire | Fire layer: MODIS/VIIRS active fires 2015-12-31..2025-12-31, months 1-5, kernel radius 5000 m
Traceback (most recent call last):
  File "C:\Users\dhruv\AppData\Roaming\Python\Python314\site-packages\ee\data.py", line 361, in _execute_cloud_call
    return call.execute(num_retries=num_retries)
           ~~~~~~~~~~~~^^^^^^^^^^^^^^^^^^^^^^^^^
  File "C:\Users\dhruv\AppData\Roaming\Python\Python314\site-packages\googleapiclient\_helpers.py", line 130, in positional_wrapper
    return wrapped(*args, **kwargs)
  File "C:\Users\dhruv\AppData\Roaming\Python\Python314\site-packages\googleapiclient\http.py", line 938, in execute
    raise HttpError(resp, content, uri=self.uri)
googleapiclient.errors.HttpError: <HttpError 400 when requesting https://earthengine.googleapis.com/v1/projects/rainfall-tank-analysis/value:compute?prettyPrint=false&alt=json returned "Can't transform (0.0,0.0)". Details: "Can't transform (0.0,0.0)">

During handling of the above exception, another exception occurred:

Traceback (most recent call last):
  File "<frozen runpy>", line 198, in _run_module_as_main
  File "<frozen runpy>", line 88, in _run_code
  File "C:\Users\dhruv\OneDrive\Desktop\GEO\multi-hazard-risk-system\src\webmap.py", line 477, in <module>
    raise SystemExit(main())
                     ~~~~^^
  File "C:\Users\dhruv\OneDrive\Desktop\GEO\multi-hazard-risk-system\src\webmap.py", line 469, in main
    pipeline.run(from_cache=args.from_cache, live_tiles=args.live_tiles)
    ~~~~~~~~~~~~^^^^^^^^^^^^^^^^^^^^^^^^^^^^^^^^^^^^^^^^^^^^^^^^^^^^^^^^
  File "C:\Users\dhruv\OneDrive\Desktop\GEO\multi-hazard-risk-system\src\pipeline.py", line 68, in run
    res = compute_layers(aoi, roads_fc)
  File "C:\Users\dhruv\OneDrive\Desktop\GEO\multi-hazard-risk-system\src\pipeline.py", line 41, in compute_layers
    fire = hazard_fire.compute_fire_layer(aoi)
  File "C:\Users\dhruv\OneDrive\Desktop\GEO\multi-hazard-risk-system\src\hazard_fire.py", line 92, in compute_fire_layer
    density_n = normalize_minmax(finalize_layer(density.clip(aoi), aoi, "fire_density"), aoi, "fire_density")
  File "C:\Users\dhruv\OneDrive\Desktop\GEO\multi-hazard-risk-system\src\utils.py", line 57, in normalize_minmax
    lo, hi = minmax_stats(img, aoi, band)
             ~~~~~~~~~~~~^^^^^^^^^^^^^^^^
  File "C:\Users\dhruv\OneDrive\Desktop\GEO\multi-hazard-risk-system\src\utils.py", line 45, in minmax_stats
    ).getInfo()
      ~~~~~~~^^
  File "C:\Users\dhruv\AppData\Roaming\Python\Python314\site-packages\ee\computedobject.py", line 108, in getInfo
    return data.computeValue(self)
           ~~~~~~~~~~~~~~~~~^^^^^^
  File "C:\Users\dhruv\AppData\Roaming\Python\Python314\site-packages\ee\data.py", line 1082, in computeValue
    return _execute_cloud_call(
           ~~~~~~~~~~~~~~~~~~~^
        _get_cloud_projects()
        ^^^^^^^^^^^^^^^^^^^^^
        .value()
        ^^^^^^^^
        .compute(body=body, project=_get_projects_path(), prettyPrint=False)
        ^^^^^^^^^^^^^^^^^^^^^^^^^^^^^^^^^^^^^^^^^^^^^^^^^^^^^^^^^^^^^^^^^^^^
    )['result']
    ^
  File "C:\Users\dhruv\AppData\Roaming\Python\Python314\site-packages\ee\data.py", line 363, in _execute_cloud_call
    raise _translate_cloud_exception(e)  # pylint: disable=raise-missing-from
    ^^^^^^^^^^^^^^^^^^^^^^^^^^^^^^^^^^^
ee.ee_exception.EEException: Can't transform (0.0,0.0)
