11:50:18 | INFO    | src.gee_init | Study area: OSM polygon: Wayanad district, Kerala, India (2143 km2)
*** Earth Engine *** Share your feedback by taking our Annual Developer Satisfaction Survey: https://google.qualtrics.com/jfe/form/SV_9oS0DRcPvElRMNw?source=python
11:50:22 | INFO    | src.gee_init | Earth Engine initialised (project=rainfall-tank-analysis)
11:50:22 | INFO    | src.gee_init | Study area: OSM polygon: Wayanad district, Kerala, India (2143 km2)
11:50:32 | INFO    | src.routing | OSM network loaded from cache: 187194 nodes, 379258 edges
11:50:41 | INFO    | src.exposure |   roads uploaded to EE: 17535 polylines, 52171 vertices, classes ['motorway', 'trunk', 'primary', 'secondary', 'tertiary', 'unclassified', 'residential'] (simplify 25 m)
11:50:41 | INFO    | src.hazard_flood | Flood layer: Sentinel-1 VV, 3 flood windows
11:50:42 | WARNING | src.hazard_flood | Otsu threshold -12.10 dB outside guard range [-22.0, -13.0]; clamped to -13.00
11:50:42 | INFO    | src.hazard_flood |   window 2018-08-14..2018-08-26: 3 scenes, Otsu threshold = -13.00 dB
11:50:43 | INFO    | src.hazard_flood |   window 2019-08-08..2019-08-20: 1 scenes, Otsu threshold = -13.10 dB
11:50:44 | INFO    | src.hazard_flood |   window 2024-07-28..2024-08-09: 2 scenes, Otsu threshold = -13.30 dB
11:50:45 | INFO    | src.hazard_flood | Flood layer computed (3/3 windows used)
11:50:45 | INFO    | src.hazard_landslide | Landslide layer: slope + elevation + NDVI + max JJAS rainfall (FR-style)
11:50:45 | INFO    | src.hazard_landslide |   NDVI composite from 90 Sentinel-2 scenes (2023-11-01..2024-04-30)
11:50:47 | INFO    | src.hazard_landslide | Landslide layer computed (factor weights: {'slope': 0.4, 'rainfall': 0.25, 'ndvi': 0.2, 'elevation': 0.15})
11:50:47 | INFO    | src.hazard_fire | Fire layer: MODIS/VIIRS active fires 2015-12-31..2025-12-31, months 1-5, kernel radius 5000 m
11:52:47 | INFO    | src.hazard_fire | Fire layer computed ({'modis_days': 1504, 'viirs_days': 1510})
11:52:47 | INFO    | src.exposure | Exposure layer: Dynamic World built-area + distance to roads
11:53:54 | INFO    | src.exposure | Exposure layer computed
11:53:54 | INFO    | src.pipeline | Resume: landslide validation reloaded (headline PASS)
11:53:54 | INFO    | src.mcdm | Resuming MCDM from checkpoint_mcdm.json (weights, breaks and statistics are not recomputed)
11:55:31 | INFO    | src.rasters | Exporting 7 rasters at 100 m from Earth Engine (one request per band) ...
11:55:54 | INFO    | src.rasters |   band 'flood' downloaded (94 kB)
12:00:55 | WARNING | src.rasters |   band 'landslide' attempt 1/3 failed: ('Connection aborted.', ConnectionResetError(10054, 'An existing connection was forcibly closed by the remote host', None, 10054, None))
12:03:45 | INFO    | src.rasters |   band 'landslide' downloaded (773 kB)
12:07:40 | INFO    | src.rasters |   band 'exposure' downloaded (795 kB)
12:08:42 | INFO    | src.rasters |   band 'fire' downloaded (736 kB)
12:09:29 | WARNING | src.rasters |   band 'risk' attempt 1/3 failed: 400 Client Error: Bad Request for url: https://earthengine.googleapis.com/v1/projects/rainfall-tank-analysis/thumbnails/9d9cbaafa5b3dfe3341d353b467a15dd-c36d957f5862b24488a39e2e06e1cd9a:getPixels
12:10:05 | WARNING | src.rasters |   band 'risk' attempt 2/3 failed: 400 Client Error: Bad Request for url: https://earthengine.googleapis.com/v1/projects/rainfall-tank-analysis/thumbnails/0cf61a398789631ad0c7974e8643a17b-70afcd3df5e021c9e48e7e62d367b02d:getPixels
12:10:43 | WARNING | src.rasters |   band 'risk' attempt 3/3 failed: 400 Client Error: Bad Request for url: https://earthengine.googleapis.com/v1/projects/rainfall-tank-analysis/thumbnails/0cf61a398789631ad0c7974e8643a17b-61e043b57da2cd9f1c18ef7bbc1fe00d:getPixels
Traceback (most recent call last):
  File "<frozen runpy>", line 198, in _run_module_as_main
  File "<frozen runpy>", line 88, in _run_code
  File "C:\Users\dhruv\OneDrive\Desktop\GEO\multi-hazard-risk-system\src\webmap.py", line 483, in <module>
    raise SystemExit(main())
                     ~~~~^^
  File "C:\Users\dhruv\OneDrive\Desktop\GEO\multi-hazard-risk-system\src\webmap.py", line 475, in main
    pipeline.run(from_cache=args.from_cache, live_tiles=args.live_tiles, resume=args.resume)
    ~~~~~~~~~~~~^^^^^^^^^^^^^^^^^^^^^^^^^^^^^^^^^^^^^^^^^^^^^^^^^^^^^^^^^^^^^^^^^^^^^^^^^^^^
  File "C:\Users\dhruv\OneDrive\Desktop\GEO\multi-hazard-risk-system\src\pipeline.py", line 89, in run
    # composite computed client-side from the exported layers (same linear map as the EE composite)
  File "C:\Users\dhruv\OneDrive\Desktop\GEO\multi-hazard-risk-system\src\rasters.py", line 140, in export_rasters
    for name, img in zip(names, imgs):
                          ^^^^^^^^^^^^
  File "C:\Users\dhruv\OneDrive\Desktop\GEO\multi-hazard-risk-system\src\rasters.py", line 124, in _download_band
    log.warning("  band '%s' attempt %d/%d failed: %s", name, attempt, retries, err)
    ^^^^^^^^^^^^^^^^^^^^^^^^^^^^^^^^^^^^^^^^^^^^^^^^^^^^^
RuntimeError: Could not export band 'risk': 400 Client Error: Bad Request for url: https://earthengine.googleapis.com/v1/projects/rainfall-tank-analysis/thumbnails/0cf61a398789631ad0c7974e8643a17b-61e043b57da2cd9f1c18ef7bbc1fe00d:getPixels
